C51 COMPILER V9.59.0.0   BSP_LINE                                                          12/01/2018 15:22:25 PAGE 1   


C51 COMPILER V9.59.0.0, COMPILATION OF MODULE BSP_LINE
OBJECT MODULE PLACED IN .\Objects\bsp_line.obj
COMPILER INVOKED BY: E:\MDK\C51\BIN\C51.EXE ..\bsp\bsp_line.c OPTIMIZE(8,SPEED) BROWSE INCDIR(..\bsp;..\lib;..\TimeOut;.
                    -.\user;..\touch_lib;..\TimeOut) DEBUG OBJECTEXTEND PRINT(.\Listings\bsp_line.lst) OBJECT(.\Objects\bsp_line.obj)

line level    source

   1          #include "bsp_line.h"
   2          
   3          unsigned char Line_Init(unsigned char ID)
   4          {
   5   1              if(ID == 0)
   6   1              {
   7   2                      P1CON |= 0X08;
   8   2                      P1PH  &= ~0X08;
   9   2              }
  10   1              else if(ID == 1)
  11   1              {
  12   2                      P2CON |= 0X02;
  13   2                      P2PH  &= ~0X02;
  14   2              }
  15   1              else
  16   1              {
  17   2                      return 0;
  18   2              }
  19   1              return 1;
  20   1      }
  21          
  22          unsigned char Line_App_Init(LINE_PARA_T *p)
  23          {
  24   1              unsigned char Line_Init(unsigned char ID);
  25   1              return Line_Init(p->ID);
  26   1      }
  27          
  28          unsigned char Line_Status(unsigned char ID,unsigned char status)
  29          {
  30   1              if(ID == 0)
  31   1              {
  32   2                      if(status == 0)
  33   2                      {
  34   3                              Line1_Set(status);
  35   3                      }
  36   2                      else if(status == 1)
  37   2                      {
  38   3                              Line1_Set(status);
  39   3                      }
  40   2                      return 0;
  41   2              }
  42   1              else if(ID == 1)
  43   1              {
  44   2                      if(status == 0)
  45   2                      {
  46   3                              Line2_Set(status);
  47   3                      }
  48   2                      else if(status == 1)
  49   2                      {
  50   3                              Line2_Set(status);
  51   3                      }
  52   2                      return 0;
  53   2              }
  54   1              else
C51 COMPILER V9.59.0.0   BSP_LINE                                                          12/01/2018 15:22:25 PAGE 2   

  55   1              {
  56   2                      return 1;
  57   2              }
  58   1      }


MODULE INFORMATION:   STATIC OVERLAYABLE
   CODE SIZE        =    130    ----
   CONSTANT SIZE    =   ----    ----
   XDATA SIZE       =   ----    ----
   PDATA SIZE       =   ----    ----
   DATA SIZE        =   ----    ----
   IDATA SIZE       =   ----    ----
   BIT SIZE         =   ----    ----
END OF MODULE INFORMATION.


C51 COMPILATION COMPLETE.  0 WARNING(S),  0 ERROR(S)
